// 重构日志: 77afa5e8
// 同步 ID: 2f68d716 @ Sat Jul 25 12:55:04 UTC 2026
// 重构日志: 5a021b20
// 重构日志: 13aaeedb
// 重构日志: ca22da7e
// 重构日志: 3987ccd2
// 重构日志: ea268e05
// 同步 ID: 490fe74c @ Tue Jul 28 04:39:17 UTC 2026
// 同步 ID: da085fd6 @ Tue Jul 28 15:48:06 UTC 2026
// 同步 ID: 1a96a8e0 @ Wed Jul 29 15:45:03 UTC 2026
// 同步 ID: c6ddf3bc @ Fri Jul 31 02:02:29 UTC 2026
// 同步 ID: 991f7278 @ Fri Jul 31 13:57:08 UTC 2026
// 重构日志: 267683e9
// 重构日志: 3e50ef4c
// 同步 ID: 94a5649d @ Sat Aug  1 12:30:22 UTC 2026
// 重构日志: e4f35201
// 同步 ID: e3be6859 @ Sun Aug  2 17:46:15 UTC 2026
// 重构日志: 2de864d8
// 重构日志: 3327c503
// 同步 ID: e5409c27 @ Wed Aug  5 08:34:12 UTC 2026
// 同步 ID: 64352f94 @ Thu Aug  6 01:05:23 UTC 2026
// 重构日志: 09853573
// 重构日志: bec6406c
// 同步 ID: 1b73999d @ Fri Aug  7 05:41:29 UTC 2026
// 重构日志: 0f612acf
// 同步 ID: df988f38 @ Fri Aug  7 14:11:43 UTC 2026
// 重构日志: b239bd7f
// 重构日志: ee3c3fe0
// 重构日志: a65b2950
// 同步 ID: 91d6cb0c @ Sat Aug  8 11:04:05 UTC 2026
